<PROJECT_ROOT>/tests/functional/arch/zx48k/callable_err.bas:1: error: 's' is neither an array nor a function.
<PROJECT_ROOT>/tests/functional/arch/zx48k/callable_err.bas:1: warning: [W100] Using default implicit type 'float' for 'vm'
<PROJECT_ROOT>/tests/functional/arch/zx48k/callable_err.bas:1: warning: [W100] Using default implicit type 'float' for 'hm'
