<PROJECT_ROOT>/tests/functional/arch/zx48k/strict5.bas:4: error: strict mode: missing type declaration for 'c'
<PROJECT_ROOT>/tests/functional/arch/zx48k/strict5.bas:5: error: strict mode: missing type declaration for 'e'
<PROJECT_ROOT>/tests/functional/arch/zx48k/strict5.bas:5: error: strict mode: missing type declaration for 'f'
